
> client@0.1.0 test
> react-scripts test --watchAll=false

node.exe : FAIL src/App.test.js
At line:1 char:1
+ & "C:\Program Files\nodejs/node.exe" "C:\Program Files\nodejs/node_mo ...
+ ~~~~~~~~~~~~~~~~~~~~~~~~~~~~~~~~~~~~~~~~~~~~~~~~~~~~~~~~~~~~~~~~~~~~~
    + CategoryInfo          : NotSpecified: (FAIL src/App.test.js:String) [],  
   RemoteException
    + FullyQualifiedErrorId : NativeCommandError
 
  ΓùÅ Test suite failed to run

    Cannot find module 'react-router-dom' from 'src/App.js'

    Require stack:
      src/App.js
      src/App.test.js

    [0m [90m 1 |[39m [36mimport[39m { useEffect[33m,[39m useState } 
[36mfrom[39m [32m'react'[39m[33m;[39m
    [31m[1m>[22m[39m[90m 2 |[39m [36mimport[39m { 
[33mBrowserRouter[39m[33m,[39m [33mRoutes[39m[33m,[39m [33mRoute[39m 
} [36mfrom[39m [32m'react-router-dom'[39m[33m;[39m
     [90m   |[39m [31m[1m^[22m[39m
     [90m 3 |[39m [36mimport[39m {
     [90m 4 |[39m   [33mThemeProvider[39m[33m,[39m
     [90m 5 |[39m   [33mCssBaseline[39m[33m,[39m[0m

      at Resolver.resolveModule 
(node_modules/jest-resolve/build/resolver.js:324:11)
      at Object.<anonymous> (src/App.js:2:1)
      at Object.<anonymous> (src/App.test.js:2:1)
      at TestScheduler.scheduleTests 
(node_modules/@jest/core/build/TestScheduler.js:333:13)
      at runJest (node_modules/@jest/core/build/runJest.js:404:19)
      at _run10000 (node_modules/@jest/core/build/cli/index.js:320:7)
      at runCLI (node_modules/@jest/core/build/cli/index.js:173:3)

Test Suites: 1 failed, 1 total
Tests:       0 total
Snapshots:   0 total
Time:        7.051 s
Ran all test suites.
